// Vitest Snapshot v1, https://vitest.dev/guide/snapshot.html

exports[`PasswordInput Component > should match snapshot 1`] = `
<DocumentFragment>
  <div
    class="flex flex-col gap-2"
  >
    <label
      class="inline-flex items-center text-sm font-medium leading-4 text-gray-900 dark:text-gray-50 mb-[3px]"
      for=":r0:-password-input"
    >
      Password input
    </label>
    <div
      class="relative"
    >
      <input
        aria-invalid="false"
        autocapitalize="off"
        autocorrect="off"
        class="flex h-9 w-full rounded-md text-sm font-normal leading-5 text-gray-900 dark:text-gray-50 dark:border-charcoal-700 dark:bg-charcoal-900 border border-gray-300 bg-white px-3 py-2 font-sans placeholder:text-gray-500 dark:placeholder:text-gray-600 focus-visible:outline-none focus-visible:ring-1 focus-visible:ring-gray-900 focus-visible:ring-offset-0 focus-visible:ring-offset-white dark:focus-visible:ring-charcoal-300 dark:focus-visible:ring-offset-charcoal-900 dark:focus:bg-charcoal-900 focus:bg-gray-50 disabled:cursor-not-allowed disabled:border-gray-300 disabled:bg-gray-50 disabled:text-gray-700 disabled:dark:border-charcoal-800 disabled:dark:bg-charcoal-900 disabled:dark:text-gray-300 pr-9"
        id=":r0:-password-input"
        name="password"
        placeholder="Password"
        spellcheck="false"
        type="password"
        value=""
      />
      <div
        class="absolute right-3 top-1/2 flex size-4 -translate-y-1/2 items-center"
      >
        <button
          aria-label="Show password"
          class="group focus-visible:outline-none"
          type="button"
        >
          <svg
            aria-hidden="true"
            class="text-gray-500 group-hover:text-gray-700 group-focus:text-gray-700 pointer-events-none"
            data-testid="icon-fallback"
            fill="currentcolor"
            style="width: 16px; height: 16px;"
            viewBox="0 0 16 16"
            xmlns="http://www.w3.org/2000/svg"
          >
            <path
              clip-rule="evenodd"
              d="M7.99999 11.7667C5.10282 11.7667 2.66271 10.282 1.1291 8.00001C2.66271 5.71801 5.10282 4.23333 7.99999 4.23333C10.8972 4.23333 13.3373 5.71801 14.8709 8.00001C13.3373 10.282 10.8972 11.7667 7.99999 11.7667ZM7.99999 3.23333C4.60785 3.23333 1.78972 5.04637 0.109325 7.73501C0.00799137 7.89715 0.00799179 8.10287 0.109327 8.26501C1.78972 10.9536 4.60785 12.7667 7.99999 12.7667C11.3921 12.7667 14.2103 10.9536 15.8907 8.26501C15.992 8.10287 15.992 7.89715 15.8907 7.73501C14.2103 5.04637 11.3921 3.23333 7.99999 3.23333ZM7.99999 10.1333C9.1782 10.1333 10.1333 9.1782 10.1333 8C10.1333 6.82179 9.1782 5.86666 7.99999 5.86666C6.82178 5.86666 5.86666 6.82179 5.86666 8C5.86666 9.1782 6.82178 10.1333 7.99999 10.1333Z"
              fill-rule="evenodd"
            />
          </svg>
        </button>
      </div>
    </div>
  </div>
</DocumentFragment>
`;
