// Vitest Snapshot v1, https://vitest.dev/guide/snapshot.html

exports[`ProgressBar Component > should match snapshot 1`] = `
<DocumentFragment>
  <div
    aria-valuemax="100"
    aria-valuemin="0"
    class="relative w-full h-3 overflow-hidden rounded-md bg-gray-100"
    data-max="100"
    data-slot="progress-bar"
    data-state="indeterminate"
    role="progressbar"
  >
    <div
      class="w-full h-full flex-1 transition-all bg-blue-900"
      data-max="100"
      data-slot="progress-bar-indicator"
      data-state="indeterminate"
      style="transform: translateX(-50%);"
    />
  </div>
</DocumentFragment>
`;
