// Vitest Snapshot v1, https://vitest.dev/guide/snapshot.html

exports[`Toggle Component > Testing the interactive behavior of the Toggle component > should match snapshot 1`] = `
<div>
  <button
    aria-checked="false"
    aria-required="false"
    class="focus-visible:ring-ring focus-visible:ring-offset-background peer inline-flex h-4 w-8 shrink-0 cursor-pointer items-center rounded-full border-2 border-transparent transition-colors focus-visible:outline-none focus-visible:ring-2 focus-visible:ring-offset-2 data-[state=checked]:bg-[#343839] data-[state=unchecked]:bg-[#D7D8D9] dark:data-[state=checked]:bg-[#3BBE5F] dark:data-[state=unchecked]:bg-[#404446]"
    data-state="unchecked"
    role="switch"
    type="button"
    value="on"
  >
    <span
      class="peer pointer-events-none block size-3.5 rounded-full bg-[#FCFCFC] shadow-lg ring-0 transition-transform data-[state=checked]:translate-x-3.5 data-[state=unchecked]:translate-x-0"
      data-state="unchecked"
    />
  </button>
</div>
`;
